// Jest Snapshot v1, https://goo.gl/fbAQLP

exports[`Contact components render renders 1`] = `
<DocumentFragment>
  <section>
    <h1
      data-testid="h1tag"
    >
      Contact me
    </h1>
    <form
      id="contact-form"
    >
      <div>
        <label
          for="name"
        >
          Name:
        </label>
        <input
          name="name"
          type="text"
          value=""
        />
      </div>
      <div>
        <label
          for="email"
        >
          Email Address:
        </label>
        <input
          name="email"
          type="email"
          value=""
        />
      </div>
      <div>
        <label
          for="message"
        >
          Message::
        </label>
        <textarea
          name="message"
          rows="5"
        />
      </div>
      <button
        data-testid="button"
        type="submit"
      >
        Submit
      </button>
    </form>
  </section>
</DocumentFragment>
`;

exports[`renders: Contact Me 1`] = `
<h1
  data-testid="h1tag"
>
  Contact me
</h1>
`;
